Loading checkpoint shards:   0%|          | 0/2 [00:00<?, ?it/s]Loading checkpoint shards: 100%|██████████| 2/2 [00:00<00:00, 33.16it/s]
The following generation flags are not valid and may be ignored: ['temperature', 'top_p', 'top_k']. Set `TRANSFORMERS_VERBOSITY=info` for more details.
generated 24/360
generated 48/360
generated 72/360
generated 96/360
generated 120/360
generated 144/360
generated 168/360
generated 192/360
generated 216/360
generated 240/360
generated 264/360
generated 288/360
generated 312/360
generated 336/360
generated 360/360
valid graph pairs 154/180
generated 24/308
generated 48/308
generated 72/308
generated 96/308
generated 120/308
generated 144/308
generated 168/308
generated 192/308
generated 216/308
generated 240/308
generated 264/308
generated 288/308
generated 308/308
scored 128/1232 choices
scored 256/1232 choices
scored 384/1232 choices
scored 512/1232 choices
scored 640/1232 choices
scored 768/1232 choices
scored 896/1232 choices
scored 1024/1232 choices
scored 1152/1232 choices
scored 1232/1232 choices
{
  "n": 154,
  "subjects": {
    "social_studies": 74,
    "science": 80
  },
  "conditions": {
    "transcript": {
      "gold_probability": 0.2339439744608034,
      "belief_margin": -0.7213512546830363,
      "solved": 0.16233766233766234,
      "leaked": 0.032467532467532464
    },
    "graph_actual": {
      "gold_probability": 0.2719675237427157,
      "belief_margin": -0.5184042783720153,
      "solved": 0.22727272727272727,
      "leaked": 0.045454545454545456
    },
    "graph_counterfactual": {
      "gold_probability": 0.2627101736388225,
      "belief_margin": -0.5702038584397985,
      "solved": 0.2012987012987013,
      "leaked": 0.05194805194805195
    }
  },
  "paired_comparisons": {
    "graph_actual_minus_transcript": {
      "gold_probability": {
        "mean": 0.03802354928191237,
        "95_ci": [
          0.015179741306147222,
          0.061755393290167646
        ]
      },
      "belief_margin": {
        "mean": 0.20294697631102104,
        "95_ci": [
          0.06956282987610087,
          0.3438371834913631
        ]
      },
      "solved": {
        "mean": 0.06493506493506493,
        "95_ci": [
          0.0,
          0.13636363636363635
        ]
      }
    },
    "graph_actual_minus_graph_counterfactual": {
      "gold_probability": {
        "mean": 0.009257350103893296,
        "95_ci": [
          -0.014118259892295988,
          0.03342763283735221
        ]
      },
      "belief_margin": {
        "mean": 0.05179958006778321,
        "95_ci": [
          -0.08221105383588122,
          0.1917488762455714
        ]
      },
      "solved": {
        "mean": 0.025974025974025976,
        "95_ci": [
          -0.032467532467532464,
          0.08441558441558442
        ]
      }
    }
  }
}
