scored 16/3000 choices
scored 32/3000 choices
scored 48/3000 choices
scored 64/3000 choices
scored 80/3000 choices
scored 96/3000 choices
scored 112/3000 choices
scored 128/3000 choices
scored 144/3000 choices
scored 160/3000 choices
scored 176/3000 choices
scored 192/3000 choices
scored 208/3000 choices
scored 224/3000 choices
scored 240/3000 choices
scored 256/3000 choices
scored 272/3000 choices
scored 288/3000 choices
scored 304/3000 choices
scored 320/3000 choices
scored 336/3000 choices
scored 352/3000 choices
scored 368/3000 choices
scored 384/3000 choices
scored 400/3000 choices
scored 416/3000 choices
scored 432/3000 choices
scored 448/3000 choices
scored 464/3000 choices
scored 480/3000 choices
scored 496/3000 choices
scored 512/3000 choices
scored 528/3000 choices
scored 544/3000 choices
scored 560/3000 choices
scored 576/3000 choices
scored 592/3000 choices
scored 608/3000 choices
scored 624/3000 choices
scored 640/3000 choices
scored 656/3000 choices
scored 672/3000 choices
scored 688/3000 choices
scored 704/3000 choices
scored 720/3000 choices
scored 736/3000 choices
scored 752/3000 choices
scored 768/3000 choices
scored 784/3000 choices
scored 800/3000 choices
scored 816/3000 choices
scored 832/3000 choices
scored 848/3000 choices
scored 864/3000 choices
scored 880/3000 choices
scored 896/3000 choices
scored 912/3000 choices
scored 928/3000 choices
scored 944/3000 choices
scored 960/3000 choices
scored 976/3000 choices
scored 992/3000 choices
scored 1008/3000 choices
scored 1024/3000 choices
scored 1040/3000 choices
scored 1056/3000 choices
scored 1072/3000 choices
scored 1088/3000 choices
scored 1104/3000 choices
scored 1120/3000 choices
scored 1136/3000 choices
scored 1152/3000 choices
scored 1168/3000 choices
scored 1184/3000 choices
scored 1200/3000 choices
scored 1216/3000 choices
scored 1232/3000 choices
scored 1248/3000 choices
scored 1264/3000 choices
scored 1280/3000 choices
scored 1296/3000 choices
scored 1312/3000 choices
scored 1328/3000 choices
scored 1344/3000 choices
scored 1360/3000 choices
scored 1376/3000 choices
scored 1392/3000 choices
scored 1408/3000 choices
scored 1424/3000 choices
scored 1440/3000 choices
scored 1456/3000 choices
scored 1472/3000 choices
scored 1488/3000 choices
scored 1504/3000 choices
scored 1520/3000 choices
scored 1536/3000 choices
scored 1552/3000 choices
scored 1568/3000 choices
scored 1584/3000 choices
scored 1600/3000 choices
scored 1616/3000 choices
scored 1632/3000 choices
scored 1648/3000 choices
scored 1664/3000 choices
scored 1680/3000 choices
scored 1696/3000 choices
scored 1712/3000 choices
scored 1728/3000 choices
scored 1744/3000 choices
scored 1760/3000 choices
scored 1776/3000 choices
scored 1792/3000 choices
scored 1808/3000 choices
scored 1824/3000 choices
scored 1840/3000 choices
scored 1856/3000 choices
scored 1872/3000 choices
scored 1888/3000 choices
scored 1904/3000 choices
scored 1920/3000 choices
scored 1936/3000 choices
scored 1952/3000 choices
scored 1968/3000 choices
scored 1984/3000 choices
scored 2000/3000 choices
scored 2016/3000 choices
scored 2032/3000 choices
scored 2048/3000 choices
scored 2064/3000 choices
scored 2080/3000 choices
scored 2096/3000 choices
scored 2112/3000 choices
scored 2128/3000 choices
scored 2144/3000 choices
scored 2160/3000 choices
scored 2176/3000 choices
scored 2192/3000 choices
scored 2208/3000 choices
scored 2224/3000 choices
scored 2240/3000 choices
scored 2256/3000 choices
scored 2272/3000 choices
scored 2288/3000 choices
scored 2304/3000 choices
scored 2320/3000 choices
scored 2336/3000 choices
scored 2352/3000 choices
scored 2368/3000 choices
scored 2384/3000 choices
scored 2400/3000 choices
scored 2416/3000 choices
scored 2432/3000 choices
scored 2448/3000 choices
scored 2464/3000 choices
scored 2480/3000 choices
scored 2496/3000 choices
scored 2512/3000 choices
scored 2528/3000 choices
scored 2544/3000 choices
scored 2560/3000 choices
scored 2576/3000 choices
scored 2592/3000 choices
scored 2608/3000 choices
scored 2624/3000 choices
scored 2640/3000 choices
scored 2656/3000 choices
scored 2672/3000 choices
scored 2688/3000 choices
scored 2704/3000 choices
scored 2720/3000 choices
scored 2736/3000 choices
scored 2752/3000 choices
scored 2768/3000 choices
scored 2784/3000 choices
scored 2800/3000 choices
scored 2816/3000 choices
scored 2832/3000 choices
scored 2848/3000 choices
scored 2864/3000 choices
scored 2880/3000 choices
scored 2896/3000 choices
scored 2912/3000 choices
scored 2928/3000 choices
scored 2944/3000 choices
scored 2960/3000 choices
scored 2976/3000 choices
scored 2992/3000 choices
scored 3000/3000 choices
{
  "n": 150,
  "subjects": {
    "social_studies": 71,
    "science": 79
  },
  "mean_student_turns": 2.68,
  "baseline": {
    "gold_probability": 0.2071275981887453,
    "belief_margin": -0.9150567086537679,
    "solved": 0.10666666666666667
  },
  "conditions": {
    "full_history": {
      "gold_probability": 0.2190277573420974,
      "belief_margin": -0.8311437992254893,
      "solved": 0.12,
      "leaked": 0.02
    },
    "last_only": {
      "gold_probability": 0.24317821967098874,
      "belief_margin": -0.688418205678463,
      "solved": 0.19333333333333333,
      "leaked": 0.07333333333333333
    },
    "last_concept": {
      "gold_probability": 0.26128828643548047,
      "belief_margin": -0.6039408779144287,
      "solved": 0.23333333333333334,
      "leaked": 0.06666666666666667
    },
    "last_graph": {
      "gold_probability": 0.2516893357522077,
      "belief_margin": -0.6600123546520869,
      "solved": 0.22666666666666666,
      "leaked": 0.07333333333333333
    }
  },
  "paired_comparisons": {
    "last_graph_minus_last_concept": {
      "gold_probability": {
        "mean": -0.009598950683272786,
        "95_ci": [
          -0.031359897064755296,
          0.011204895117041433
        ]
      },
      "belief_margin": {
        "mean": -0.05607147673765818,
        "95_ci": [
          -0.18721147976815702,
          0.0657272604058185
        ]
      },
      "solved": {
        "mean": -0.006666666666666667,
        "95_ci": [
          -0.06666666666666667,
          0.05333333333333334
        ]
      }
    },
    "last_graph_minus_last_only": {
      "gold_probability": {
        "mean": 0.008511116081218925,
        "95_ci": [
          -0.01189035124184987,
          0.028473585459839346
        ]
      },
      "belief_margin": {
        "mean": 0.028405851026376088,
        "95_ci": [
          -0.09418659766763449,
          0.14968142042805746
        ]
      },
      "solved": {
        "mean": 0.03333333333333333,
        "95_ci": [
          -0.03333333333333333,
          0.1
        ]
      }
    },
    "last_graph_minus_full_history": {
      "gold_probability": {
        "mean": 0.03266157841011025,
        "95_ci": [
          0.015102514563188518,
          0.05195452791089873
        ]
      },
      "belief_margin": {
        "mean": 0.1711314445734024,
        "95_ci": [
          0.06117747788131237,
          0.2903579438726107
        ]
      },
      "solved": {
        "mean": 0.10666666666666667,
        "95_ci": [
          0.04666666666666667,
          0.17333333333333334
        ]
      }
    },
    "full_history_minus_last_only": {
      "gold_probability": {
        "mean": -0.02415046232889132,
        "95_ci": [
          -0.04490272671140646,
          -0.005866442724041937
        ]
      },
      "belief_margin": {
        "mean": -0.14272559354702632,
        "95_ci": [
          -0.2596290525247653,
          -0.03522942990064623
        ]
      },
      "solved": {
        "mean": -0.07333333333333333,
        "95_ci": [
          -0.14,
          -0.006666666666666667
        ]
      }
    }
  }
}
